// Jest Snapshot v1, https://goo.gl/fbAQLP

exports[`ScrollableAppBar renders correctly 1`] = `
<DocumentFragment>
  <div
    id="children"
    sx="[object Object]"
  />
</DocumentFragment>
`;
