// Jest Snapshot v1, https://goo.gl/fbAQLP

exports[`MediasAutoSwiper renders correctly 1`] = `
<DocumentFragment>
  <div
    class="MuiBox-root css-124i1uv"
  >
    <div
      class="swiper swiper-initialized swiper-horizontal swiper-pointer-events media-auto-swiper"
      role="swiper"
      style="width: 100%;"
    >
      <div
        class="swiper-wrapper"
        style="cursor: grab; transition-duration: 0ms; transform: translate3d(NaNpx, 0px, 0px);"
      >
        <div
          class="swiper-slide swiper-slide-duplicate"
          data-swiper-slide-index="0"
        >
          <div
            class="MuiBox-root css-1td14js"
          />
          <div
            class="MuiBox-root css-s9z9b"
          />
          <div
            class="MuiBox-root css-1e2m3rn"
          >
            <div
              class="MuiBox-root css-9jhkvv"
            >
              <div
                class="css-678bp8-MuiStack-root"
              >
                <h4
                  class="MuiTypography-root MuiTypography-h4 css-mrmr51-MuiTypography-root"
                >
                  title
                </h4>
                <div
                  class="css-1q36rmd-MuiStack-root"
                >
                  <div
                    class="MuiBox-root css-d2o2iw"
                  >
                    <span
                      aria-valuenow="90"
                      class="MuiCircularProgress-root MuiCircularProgress-determinate MuiCircularProgress-colorSuccess css-zc2y38-MuiCircularProgress-root"
                      role="progressbar"
                      style="width: 50px; height: 50px; transform: rotate(-90deg);"
                    >
                      <svg
                        class="MuiCircularProgress-svg css-1idz92c-MuiCircularProgress-svg"
                        viewBox="22 22 44 44"
                      >
                        <circle
                          class="MuiCircularProgress-circle MuiCircularProgress-circleDeterminate css-oxts8u-MuiCircularProgress-circle"
                          cx="44"
                          cy="44"
                          fill="none"
                          r="20.2"
                          stroke-width="3.6"
                          style="stroke-dasharray: 126.920; stroke-dashoffset: 12.692px;"
                        />
                      </svg>
                    </span>
                    <div
                      class="MuiBox-root css-15i2x3e"
                    >
                      <div
                        class="MuiTypography-root MuiTypography-caption css-1dtdxxd-MuiTypography-root"
                      >
                        9
                      </div>
                    </div>
                  </div>
                  <hr
                    class="MuiDivider-root MuiDivider-fullWidth MuiDivider-vertical css-ftc7wc-MuiDivider-root"
                  />
                  <div
                    class="MuiChip-root MuiChip-filled MuiChip-sizeMedium MuiChip-colorPrimary MuiChip-filledPrimary css-1sz23ua-MuiChip-root"
                  >
                    <span
                      class="MuiChip-label MuiChip-labelMedium css-6od3lo-MuiChip-label"
                    />
                  </div>
                </div>
                <p
                  class="MuiTypography-root MuiTypography-body1 css-14ndvjh-MuiTypography-root"
                >
                  overview
                </p>
                <a
                  class="MuiButtonBase-root MuiButton-root MuiButton-contained MuiButton-containedPrimary MuiButton-sizeLarge MuiButton-containedSizeLarge MuiButton-root MuiButton-contained MuiButton-containedPrimary MuiButton-sizeLarge MuiButton-containedSizeLarge css-1t6l1gc-MuiButtonBase-root-MuiButton-root"
                  href="/medias/movie/2005013077"
                  tabindex="0"
                >
                  <span
                    class="MuiButton-startIcon MuiButton-iconSizeLarge css-htszrh-MuiButton-startIcon"
                  >
                    <svg
                      aria-hidden="true"
                      class="MuiSvgIcon-root MuiSvgIcon-fontSizeMedium css-i4bv87-MuiSvgIcon-root"
                      data-testid="PlayArrowIcon"
                      focusable="false"
                      viewBox="0 0 24 24"
                    >
                      <path
                        d="M8 5v14l11-7z"
                      />
                    </svg>
                  </span>
                  Watch now
                  <span
                    class="MuiTouchRipple-root css-8je8zh-MuiTouchRipple-root"
                  />
                </a>
              </div>
            </div>
          </div>
        </div>
        <div
          class="swiper-slide"
          data-swiper-slide-index="0"
        >
          <div
            class="MuiBox-root css-1td14js"
          />
          <div
            class="MuiBox-root css-s9z9b"
          />
          <div
            class="MuiBox-root css-1e2m3rn"
          >
            <div
              class="MuiBox-root css-9jhkvv"
            >
              <div
                class="css-678bp8-MuiStack-root"
              >
                <h4
                  class="MuiTypography-root MuiTypography-h4 css-mrmr51-MuiTypography-root"
                >
                  title
                </h4>
                <div
                  class="css-1q36rmd-MuiStack-root"
                >
                  <div
                    class="MuiBox-root css-d2o2iw"
                  >
                    <span
                      aria-valuenow="90"
                      class="MuiCircularProgress-root MuiCircularProgress-determinate MuiCircularProgress-colorSuccess css-zc2y38-MuiCircularProgress-root"
                      role="progressbar"
                      style="width: 50px; height: 50px; transform: rotate(-90deg);"
                    >
                      <svg
                        class="MuiCircularProgress-svg css-1idz92c-MuiCircularProgress-svg"
                        viewBox="22 22 44 44"
                      >
                        <circle
                          class="MuiCircularProgress-circle MuiCircularProgress-circleDeterminate css-oxts8u-MuiCircularProgress-circle"
                          cx="44"
                          cy="44"
                          fill="none"
                          r="20.2"
                          stroke-width="3.6"
                          style="stroke-dasharray: 126.920; stroke-dashoffset: 12.692px;"
                        />
                      </svg>
                    </span>
                    <div
                      class="MuiBox-root css-15i2x3e"
                    >
                      <div
                        class="MuiTypography-root MuiTypography-caption css-1dtdxxd-MuiTypography-root"
                      >
                        9
                      </div>
                    </div>
                  </div>
                  <hr
                    class="MuiDivider-root MuiDivider-fullWidth MuiDivider-vertical css-ftc7wc-MuiDivider-root"
                  />
                  <div
                    class="MuiChip-root MuiChip-filled MuiChip-sizeMedium MuiChip-colorPrimary MuiChip-filledPrimary css-1sz23ua-MuiChip-root"
                  >
                    <span
                      class="MuiChip-label MuiChip-labelMedium css-6od3lo-MuiChip-label"
                    />
                  </div>
                </div>
                <p
                  class="MuiTypography-root MuiTypography-body1 css-14ndvjh-MuiTypography-root"
                >
                  overview
                </p>
                <a
                  class="MuiButtonBase-root MuiButton-root MuiButton-contained MuiButton-containedPrimary MuiButton-sizeLarge MuiButton-containedSizeLarge MuiButton-root MuiButton-contained MuiButton-containedPrimary MuiButton-sizeLarge MuiButton-containedSizeLarge css-1t6l1gc-MuiButtonBase-root-MuiButton-root"
                  href="/medias/movie/2005013077"
                  tabindex="0"
                >
                  <span
                    class="MuiButton-startIcon MuiButton-iconSizeLarge css-htszrh-MuiButton-startIcon"
                  >
                    <svg
                      aria-hidden="true"
                      class="MuiSvgIcon-root MuiSvgIcon-fontSizeMedium css-i4bv87-MuiSvgIcon-root"
                      data-testid="PlayArrowIcon"
                      focusable="false"
                      viewBox="0 0 24 24"
                    >
                      <path
                        d="M8 5v14l11-7z"
                      />
                    </svg>
                  </span>
                  Watch now
                  <span
                    class="MuiTouchRipple-root css-8je8zh-MuiTouchRipple-root"
                  />
                </a>
              </div>
            </div>
          </div>
        </div>
        <div
          class="swiper-slide swiper-slide-duplicate"
          data-swiper-slide-index="0"
        >
          <div
            class="MuiBox-root css-1td14js"
          />
          <div
            class="MuiBox-root css-s9z9b"
          />
          <div
            class="MuiBox-root css-1e2m3rn"
          >
            <div
              class="MuiBox-root css-9jhkvv"
            >
              <div
                class="css-678bp8-MuiStack-root"
              >
                <h4
                  class="MuiTypography-root MuiTypography-h4 css-mrmr51-MuiTypography-root"
                >
                  title
                </h4>
                <div
                  class="css-1q36rmd-MuiStack-root"
                >
                  <div
                    class="MuiBox-root css-d2o2iw"
                  >
                    <span
                      aria-valuenow="90"
                      class="MuiCircularProgress-root MuiCircularProgress-determinate MuiCircularProgress-colorSuccess css-zc2y38-MuiCircularProgress-root"
                      role="progressbar"
                      style="width: 50px; height: 50px; transform: rotate(-90deg);"
                    >
                      <svg
                        class="MuiCircularProgress-svg css-1idz92c-MuiCircularProgress-svg"
                        viewBox="22 22 44 44"
                      >
                        <circle
                          class="MuiCircularProgress-circle MuiCircularProgress-circleDeterminate css-oxts8u-MuiCircularProgress-circle"
                          cx="44"
                          cy="44"
                          fill="none"
                          r="20.2"
                          stroke-width="3.6"
                          style="stroke-dasharray: 126.920; stroke-dashoffset: 12.692px;"
                        />
                      </svg>
                    </span>
                    <div
                      class="MuiBox-root css-15i2x3e"
                    >
                      <div
                        class="MuiTypography-root MuiTypography-caption css-1dtdxxd-MuiTypography-root"
                      >
                        9
                      </div>
                    </div>
                  </div>
                  <hr
                    class="MuiDivider-root MuiDivider-fullWidth MuiDivider-vertical css-ftc7wc-MuiDivider-root"
                  />
                  <div
                    class="MuiChip-root MuiChip-filled MuiChip-sizeMedium MuiChip-colorPrimary MuiChip-filledPrimary css-1sz23ua-MuiChip-root"
                  >
                    <span
                      class="MuiChip-label MuiChip-labelMedium css-6od3lo-MuiChip-label"
                    />
                  </div>
                </div>
                <p
                  class="MuiTypography-root MuiTypography-body1 css-14ndvjh-MuiTypography-root"
                >
                  overview
                </p>
                <a
                  class="MuiButtonBase-root MuiButton-root MuiButton-contained MuiButton-containedPrimary MuiButton-sizeLarge MuiButton-containedSizeLarge MuiButton-root MuiButton-contained MuiButton-containedPrimary MuiButton-sizeLarge MuiButton-containedSizeLarge css-1t6l1gc-MuiButtonBase-root-MuiButton-root"
                  href="/medias/movie/2005013077"
                  tabindex="0"
                >
                  <span
                    class="MuiButton-startIcon MuiButton-iconSizeLarge css-htszrh-MuiButton-startIcon"
                  >
                    <svg
                      aria-hidden="true"
                      class="MuiSvgIcon-root MuiSvgIcon-fontSizeMedium css-i4bv87-MuiSvgIcon-root"
                      data-testid="PlayArrowIcon"
                      focusable="false"
                      viewBox="0 0 24 24"
                    >
                      <path
                        d="M8 5v14l11-7z"
                      />
                    </svg>
                  </span>
                  Watch now
                  <span
                    class="MuiTouchRipple-root css-8je8zh-MuiTouchRipple-root"
                  />
                </a>
              </div>
            </div>
          </div>
        </div>
      </div>
    </div>
  </div>
</DocumentFragment>
`;
