// Jest Snapshot v1, https://goo.gl/fbAQLP

exports[`Container renders correctly 1`] = `
<DocumentFragment>
  <div
    class="MuiBox-root css-1cig8sb"
  >
    <div
      class="css-678bp8-MuiStack-root"
    />
  </div>
</DocumentFragment>
`;
