// Jest Snapshot v1, https://goo.gl/fbAQLP

exports[`AuthModal renders correctly 1`] = `
<body
  style="padding-right: 1024px; overflow: hidden;"
>
  <div
    aria-hidden="true"
  />
  <div
    class="MuiModal-root css-79ws1d-MuiModal-root"
    role="presentation"
  >
    <div
      aria-hidden="true"
      class="MuiBackdrop-root MuiModal-backdrop css-i9fmh8-MuiBackdrop-root-MuiModal-backdrop"
      style="opacity: 1; webkit-transition: opacity 225ms cubic-bezier(0.4, 0, 0.2, 1) 0ms; transition: opacity 225ms cubic-bezier(0.4, 0, 0.2, 1) 0ms;"
    />
    <div
      data-testid="sentinelStart"
      tabindex="0"
    />
    <div
      class="MuiBox-root css-w375ni"
      tabindex="-1"
    >
      <div
        class="MuiBox-root css-ga5x7p"
      >
        <div
          class="MuiBox-root css-13da791"
        >
          <div
            class="css-1p5q5e5-MuiStack-root"
          >
            <a
              href="/"
              id="logo-link"
              style="text-decoration: none;"
            >
              <p
                class="MuiTypography-root MuiTypography-body1 css-10bvdjj-MuiTypography-root"
                id="logo"
                style="color: rgba(0, 0, 0, 0.87);"
              >
                my
                <span
                  style="color: rgb(25, 118, 210);"
                >
                  Movies
                </span>
              </p>
            </a>
            <div
              class="css-1p5q5e5-MuiStack-root"
            >
              <p
                class="MuiTypography-root MuiTypography-body1 css-ndaqpv-MuiTypography-root"
              >
                Please enter your username ðŸ‘‡
              </p>
              <div
                class="MuiFormControl-root MuiTextField-root css-1u3bzj6-MuiFormControl-root-MuiTextField-root"
              >
                <div
                  class="MuiInputBase-root MuiOutlinedInput-root MuiInputBase-colorPrimary MuiInputBase-formControl css-9ddj71-MuiInputBase-root-MuiOutlinedInput-root"
                >
                  <input
                    aria-invalid="false"
                    class="MuiInputBase-input MuiOutlinedInput-input css-1t8l2tu-MuiInputBase-input-MuiOutlinedInput-input"
                    id="auth-modal-text-field"
                    placeholder="Username"
                    type="text"
                    value=""
                  />
                  <fieldset
                    aria-hidden="true"
                    class="MuiOutlinedInput-notchedOutline css-1d3z3hw-MuiOutlinedInput-notchedOutline"
                  >
                    <legend
                      class="css-ihdtdm"
                    >
                      <span
                        class="notranslate"
                      >
                        â€‹
                      </span>
                    </legend>
                  </fieldset>
                </div>
              </div>
              <button
                class="MuiButtonBase-root MuiButton-root MuiButton-contained MuiButton-containedPrimary MuiButton-sizeMedium MuiButton-containedSizeMedium Mui-disabled MuiButton-root MuiButton-contained MuiButton-containedPrimary MuiButton-sizeMedium MuiButton-containedSizeMedium css-sghohy-MuiButtonBase-root-MuiButton-root"
                disabled=""
                id="auth-modal-submit-button"
                tabindex="-1"
                type="submit"
              >
                Submit
              </button>
            </div>
          </div>
        </div>
      </div>
    </div>
    <div
      data-testid="sentinelEnd"
      tabindex="0"
    />
  </div>
</body>
`;
