// Jest Snapshot v1, https://goo.gl/fbAQLP

exports[`MediaBackgroundHeader renders correctly 1`] = `
<DocumentFragment>
  <div
    class="MuiBox-root css-5ycnt7"
  />
</DocumentFragment>
`;
