// Jest Snapshot v1, https://goo.gl/fbAQLP

exports[`PaginatorSwiper renders correctly 1`] = `
<DocumentFragment>
  <div
    class="MuiBox-root css-10mh0q4"
  >
    <div
      class="swiper swiper-initialized swiper-horizontal swiper-pointer-events"
      id="paginator-swiper"
      style="width: 100%;"
    >
      <div
        class="swiper-wrapper"
        style="cursor: grab; transition-duration: 0ms; transform: translate3d(NaNpx, 0px, 0px);"
      />
      <div
        class="swiper-button-prev"
      />
      <div
        class="swiper-button-next"
      />
      <div
        class="swiper-pagination swiper-pagination-clickable swiper-pagination-bullets swiper-pagination-horizontal"
      />
      <div
        id="children"
      />
    </div>
  </div>
</DocumentFragment>
`;
