// Jest Snapshot v1, https://goo.gl/fbAQLP

exports[`CircularRate renders correctly 1`] = `
<DocumentFragment>
  <div
    class="MuiBox-root css-d2o2iw"
  >
    <span
      aria-valuenow="100"
      class="MuiCircularProgress-root MuiCircularProgress-determinate MuiCircularProgress-colorSuccess css-zc2y38-MuiCircularProgress-root"
      role="progressbar"
      style="width: 50px; height: 50px; transform: rotate(-90deg);"
    >
      <svg
        class="MuiCircularProgress-svg css-1idz92c-MuiCircularProgress-svg"
        viewBox="22 22 44 44"
      >
        <circle
          class="MuiCircularProgress-circle MuiCircularProgress-circleDeterminate css-oxts8u-MuiCircularProgress-circle"
          cx="44"
          cy="44"
          fill="none"
          r="20.2"
          stroke-width="3.6"
          style="stroke-dasharray: 126.920; stroke-dashoffset: 0.000px;"
        />
      </svg>
    </span>
    <div
      class="MuiBox-root css-15i2x3e"
    >
      <div
        class="MuiTypography-root MuiTypography-caption css-1dtdxxd-MuiTypography-root"
      >
        10
      </div>
    </div>
  </div>
</DocumentFragment>
`;
