// Jest Snapshot v1, https://goo.gl/fbAQLP

exports[`MediasGrid renders correctly 1`] = `
<DocumentFragment>
  <div
    class="MuiGrid-root MuiGrid-container MuiGrid-spacing-xs-1 medias-grid css-1drqt17-MuiGrid-root"
  >
    <div
      class="MuiGrid-root MuiGrid-item MuiGrid-grid-xs-6 MuiGrid-grid-sm-4 MuiGrid-grid-md-3 media-grid-item css-1vm8tgf-MuiGrid-root"
    >
      <a
        href="/medias/movie/271388694"
        id="media-item"
      >
        <div
          class="MuiBox-root css-10py5dl"
        >
          <div
            class="media-back-drop MuiBox-root css-2e5d9x"
          />
          <button
            class="MuiButtonBase-root MuiIconButton-root MuiIconButton-sizeMedium media-play-btn css-3i9v1t-MuiButtonBase-root-MuiIconButton-root"
            tabindex="0"
            type="button"
          >
            <svg
              aria-hidden="true"
              class="MuiSvgIcon-root MuiSvgIcon-fontSizeMedium css-17slstj-MuiSvgIcon-root"
              data-testid="PlayArrowIcon"
              focusable="false"
              viewBox="0 0 24 24"
            >
              <path
                d="M8 5v14l11-7z"
              />
            </svg>
            <span
              class="MuiTouchRipple-root css-8je8zh-MuiTouchRipple-root"
            />
          </button>
          <div
            class="media-info MuiBox-root css-5bs0yh"
          >
            <div
              class="css-1okj3ks-MuiStack-root"
            >
              <div
                class="MuiBox-root css-d2o2iw"
              >
                <span
                  aria-valuenow="90"
                  class="MuiCircularProgress-root MuiCircularProgress-determinate MuiCircularProgress-colorSuccess css-zc2y38-MuiCircularProgress-root"
                  role="progressbar"
                  style="width: 50px; height: 50px; transform: rotate(-90deg);"
                >
                  <svg
                    class="MuiCircularProgress-svg css-1idz92c-MuiCircularProgress-svg"
                    viewBox="22 22 44 44"
                  >
                    <circle
                      class="MuiCircularProgress-circle MuiCircularProgress-circleDeterminate css-oxts8u-MuiCircularProgress-circle"
                      cx="44"
                      cy="44"
                      fill="none"
                      r="20.2"
                      stroke-width="3.6"
                      style="stroke-dasharray: 126.920; stroke-dashoffset: 12.692px;"
                    />
                  </svg>
                </span>
                <div
                  class="MuiBox-root css-15i2x3e"
                >
                  <div
                    class="MuiTypography-root MuiTypography-caption css-1dtdxxd-MuiTypography-root"
                  >
                    9
                  </div>
                </div>
              </div>
              <p
                class="MuiTypography-root MuiTypography-body1 css-ahj2mt-MuiTypography-root"
              />
              <p
                class="MuiTypography-root MuiTypography-body1 css-qcvrn6-MuiTypography-root"
              >
                title
              </p>
            </div>
          </div>
        </div>
      </a>
    </div>
  </div>
</DocumentFragment>
`;
